python : Traceback 
(most recent call 
last):
At line:1 char:1
+ python -u modules/gr
owth/launch_test.py > 
test_output.txt 2>&1
+ ~~~~~~~~~~~~~~~~~~~~
~~~~~~~~~~~~~~~~~~~~~~
~~~~~~~~~~~~~~~~~~~~
    + CategoryInfo    
          : NotSpeci  
  fied: (Traceback    
 (most recent call    
 last)::String) [    
], RemoteExceptio    n
    + FullyQualifiedE 
   rrorId : NativeCo  
  mmandError
 
  File "C:\Users\nearm
\.gemini\antigravity\s
cratch\empire-unified\
modules\growth\launch_
test.py", line 7, in 
<module>
    from communication
.sovereign_dispatch 
import dispatcher
  File "C:\Users\nearm
\.gemini\antigravity\s
cratch\empire-unified\
modules\communication\
sovereign_dispatch.py"
, line 243
    ```
    ^
SyntaxError: invalid 
syntax
